// Jest Snapshot v1, https://goo.gl/fbAQLP

exports[`<NewTodoModalContainer> matches snapshots 1`] = `"<div class=\\"fade modal-backdrop show\\"></div><div role=\\"dialog\\" aria-modal=\\"true\\" class=\\"fade modal show\\" tabindex=\\"-1\\" style=\\"display: block;\\"><div role=\\"document\\" class=\\"modal-dialog\\"><div class=\\"modal-content\\"><div class=\\"modal-header\\"><div class=\\"modal-title h4\\">New todo</div><button type=\\"button\\" class=\\"close\\"><span aria-hidden=\\"true\\">Ã—</span><span class=\\"sr-only\\">Close</span></button></div><form novalidate=\\"\\" class=\\"\\"><div class=\\"modal-body\\"><div class=\\"form-group\\"><label class=\\"form-label\\" for=\\"formNewTodoText\\">Todo text</label><input required=\\"\\" placeholder=\\"Todo text...\\" id=\\"formNewTodoText\\" class=\\"form-control\\" value=\\"\\"><div class=\\"invalid-feedback\\">Need enter new todo</div></div></div><div class=\\"modal-footer\\"><button type=\\"button\\" class=\\"btn btn-outline-dark\\"><svg aria-hidden=\\"true\\" focusable=\\"false\\" data-prefix=\\"fas\\" data-icon=\\"ban\\" class=\\"svg-inline--fa fa-ban fa-w-16 mr-1\\" role=\\"img\\" xmlns=\\"http://www.w3.org/2000/svg\\" viewBox=\\"0 0 512 512\\"><path fill=\\"currentColor\\" d=\\"M256 8C119.034 8 8 119.033 8 256s111.034 248 248 248 248-111.034 248-248S392.967 8 256 8zm130.108 117.892c65.448 65.448 70 165.481 20.677 235.637L150.47 105.216c70.204-49.356 170.226-44.735 235.638 20.676zM125.892 386.108c-65.448-65.448-70-165.481-20.677-235.637L361.53 406.784c-70.203 49.356-170.226 44.736-235.638-20.676z\\"></path></svg>Cancel</button><button type=\\"submit\\" class=\\"btn btn-primary\\"><svg aria-hidden=\\"true\\" focusable=\\"false\\" data-prefix=\\"fas\\" data-icon=\\"check\\" class=\\"svg-inline--fa fa-check fa-w-16 mr-1\\" role=\\"img\\" xmlns=\\"http://www.w3.org/2000/svg\\" viewBox=\\"0 0 512 512\\"><path fill=\\"currentColor\\" d=\\"M173.898 439.404l-166.4-166.4c-9.997-9.997-9.997-26.206 0-36.204l36.203-36.204c9.997-9.998 26.207-9.998 36.204 0L192 312.69 432.095 72.596c9.997-9.997 26.207-9.997 36.204 0l36.203 36.204c9.997 9.997 9.997 26.206 0 36.204l-294.4 294.401c-9.998 9.997-26.207 9.997-36.204-.001z\\"></path></svg>Ok</button></div></form></div></div></div>"`;
