// Jest Snapshot v1, https://goo.gl/fbAQLP

exports[`<TodoDetail> matches snapshots 1`] = `"<div>Todo detail</div>"`;
